=== CASE 1: What if R2 drops below 0.85? ===
  simulation_mode: True
  r2_override: 0.84
  risk_level: CRITICAL
  priority: P0
  confidence: 0.6 (LOW)
  financial_risk: 500000

=== CASE 2: What if drift becomes HIGH? ===
  simulation_mode: True
  drift_override: HIGH
  risk_level: HIGH
  priority: P1
  confidence: 0.6 (LOW)

=== CASE 3: What if MAE increases to 5? ===
  simulation_mode: True
  mae_override: 5.0
  risk_level: LOW
  financial_risk: 100000
  confidence: 1.0 (HIGH)

Logger: OK [simulation_logs.json updated]

ALL TESTS PASSED
